// Vitest Snapshot v1, https://vitest.dev/guide/snapshot.html

exports[`getColorStrategy > should return GeoChartColorStrategy 1`] = `
[
  {
    "color": {
      "type": "guid",
      "value": "1",
    },
    "headerItem": {
      "attributeHeader": {
        "formOf": {
          "identifier": "attr.uscities.city",
          "name": "City",
          "ref": {
            "uri": "/gdc/md/liveexamplesworkspace/obj/9458",
          },
          "uri": "/gdc/md/liveexamplesworkspace/obj/9458",
        },
        "identifier": "label.uscities.city.location",
        "localIdentifier": "a_label.uscities.city.location",
        "name": "location",
        "ref": {
          "uri": "/gdc/md/liveexamplesworkspace/obj/9459",
        },
        "type": "GDC.geo.pin",
        "uri": "/gdc/md/liveexamplesworkspace/obj/9459",
      },
    },
  },
]
`;

exports[`getColorStrategy > should return GeoChartColorStrategy 2`] = `
[
  {
    "color": {
      "type": "guid",
      "value": "1",
    },
    "headerItem": {
      "attributeHeader": {
        "formOf": {
          "identifier": "attr.uscities.city",
          "name": "City",
          "ref": {
            "uri": "/gdc/md/liveexamplesworkspace/obj/9458",
          },
          "uri": "/gdc/md/liveexamplesworkspace/obj/9458",
        },
        "identifier": "label.uscities.city.location",
        "localIdentifier": "a_label.uscities.city.location",
        "name": "location",
        "ref": {
          "uri": "/gdc/md/liveexamplesworkspace/obj/9459",
        },
        "type": "GDC.geo.pin",
        "uri": "/gdc/md/liveexamplesworkspace/obj/9459",
      },
    },
  },
]
`;
