// Vitest Snapshot v1, https://vitest.dev/guide/snapshot.html

exports[`removeDrillsForInsightWidgetHandler > remove > should emit the appropriate events for remove alerts and propagate correlationId 1`] = `
[
  {
    "commandType": "GDC.DASH/CMD.ALERTS.REMOVE",
    "correlationId": "testCorrelationId",
    "type": "GDC.DASH/EVT.COMMAND.STARTED",
  },
  {
    "correlationId": "testCorrelationId",
    "type": "GDC.DASH/EVT.ALERTS.REMOVED",
  },
]
`;
